// Jest Snapshot v1, https://goo.gl/fbAQLP

exports[`App should match the snapshot 1`] = `
<main
  className="App"
>
  <h1
    className="app-title"
  >
    Turing Cafe
  </h1>
  <Form
    addReservation={[Function]}
  />
  <h1>
    Loading
  </h1>
  <Reservations
    reservations={Array []}
  />
</main>
`;
